app/assignments/[id]/page.tsx(42,43): error TS7006: Parameter 'a' implicitly has an 'any' type.
app/assignments/[id]/page.tsx(87,36): error TS2339: Property 'update' does not exist on type '{ list: () => Promise<any>; get: (id: string) => Promise<any>; filter: (query: any) => Promise<any>; enroll: (courseId: string) => Promise<{ progress: number; userId: string; courseId: string; watchedLessons: JsonValue; attendedLive: boolean; enrolledAt: Date; }>; create: (data: any) => Promise<...>; updateLiveSessi...'.
app/assignments/page.tsx(33,48): error TS7006: Parameter 'c' implicitly has an 'any' type.
app/assignments/page.tsx(38,33): error TS7006: Parameter 'course' implicitly has an 'any' type.
app/assignments/page.tsx(39,38): error TS7006: Parameter 'assignment' implicitly has an 'any' type.
app/certificates/[id]/page.tsx(32,56): error TS2339: Property 'get' does not exist on type '{ list: () => Promise<{ id: string; userId: string; courseId: string; certificateNumber: string; issuedDate: Date; studentName: string; courseName: string; }[]>; }'.
app/certificates/page.tsx(29,11): error TS2769: No overload matches this call.
  Overload 1 of 2, '(predicate: (value: { id: string; userId: string; courseId: string; certificateNumber: string; issuedDate: Date; studentName: string; courseName: string; }, index: number, array: { id: string; userId: string; ... 4 more ...; courseName: string; }[]) => value is { ...; }, thisArg?: any): { ...; }[]', gave the following error.
    Argument of type '(cert: Certificate) => boolean' is not assignable to parameter of type '(value: { id: string; userId: string; courseId: string; certificateNumber: string; issuedDate: Date; studentName: string; courseName: string; }, index: number, array: { id: string; userId: string; ... 4 more ...; courseName: string; }[]) => value is { ...; }'.
      Types of parameters 'cert' and 'value' are incompatible.
        Property 'studentId' is missing in type '{ id: string; userId: string; courseId: string; certificateNumber: string; issuedDate: Date; studentName: string; courseName: string; }' but required in type 'Certificate'.
  Overload 2 of 2, '(predicate: (value: { id: string; userId: string; courseId: string; certificateNumber: string; issuedDate: Date; studentName: string; courseName: string; }, index: number, array: { id: string; userId: string; ... 4 more ...; courseName: string; }[]) => unknown, thisArg?: any): { ...; }[]', gave the following error.
    Argument of type '(cert: Certificate) => boolean' is not assignable to parameter of type '(value: { id: string; userId: string; courseId: string; certificateNumber: string; issuedDate: Date; studentName: string; courseName: string; }, index: number, array: { id: string; userId: string; ... 4 more ...; courseName: string; }[]) => unknown'.
      Types of parameters 'cert' and 'value' are incompatible.
        Property 'studentId' is missing in type '{ id: string; userId: string; courseId: string; certificateNumber: string; issuedDate: Date; studentName: string; courseName: string; }' but required in type 'Certificate'.
app/certificates/page.tsx(31,25): error TS2345: Argument of type '{ id: string; userId: string; courseId: string; certificateNumber: string; issuedDate: Date; studentName: string; courseName: string; }[]' is not assignable to parameter of type 'SetStateAction<Certificate[]>'.
  Type '{ id: string; userId: string; courseId: string; certificateNumber: string; issuedDate: Date; studentName: string; courseName: string; }[]' is not assignable to type 'Certificate[]'.
    Property 'studentId' is missing in type '{ id: string; userId: string; courseId: string; certificateNumber: string; issuedDate: Date; studentName: string; courseName: string; }' but required in type 'Certificate'.
app/dashboard/page.tsx(28,49): error TS7006: Parameter 'c' implicitly has an 'any' type.
app/exam/[id]/page.tsx(36,43): error TS7006: Parameter 'c' implicitly has an 'any' type.
app/exam/[id]/page.tsx(88,38): error TS2339: Property 'update' does not exist on type '{ list: () => Promise<any>; get: (id: string) => Promise<any>; filter: (query: any) => Promise<any>; enroll: (courseId: string) => Promise<{ progress: number; userId: string; courseId: string; watchedLessons: JsonValue; attendedLive: boolean; enrolledAt: Date; }>; create: (data: any) => Promise<...>; updateLiveSessi...'.
app/exam/[id]/page.tsx(115,45): error TS2339: Property 'create' does not exist on type '{ list: () => Promise<{ id: string; userId: string; courseId: string; certificateNumber: string; issuedDate: Date; studentName: string; courseName: string; }[]>; }'.
app/profile/page.tsx(40,11): error TS2769: No overload matches this call.
  Overload 1 of 2, '(predicate: (value: { id: string; userId: string; courseId: string; certificateNumber: string; issuedDate: Date; studentName: string; courseName: string; }, index: number, array: { id: string; userId: string; ... 4 more ...; courseName: string; }[]) => value is { ...; }, thisArg?: any): { ...; }[]', gave the following error.
    Argument of type '(cert: Certificate) => boolean' is not assignable to parameter of type '(value: { id: string; userId: string; courseId: string; certificateNumber: string; issuedDate: Date; studentName: string; courseName: string; }, index: number, array: { id: string; userId: string; ... 4 more ...; courseName: string; }[]) => value is { ...; }'.
      Types of parameters 'cert' and 'value' are incompatible.
        Property 'studentId' is missing in type '{ id: string; userId: string; courseId: string; certificateNumber: string; issuedDate: Date; studentName: string; courseName: string; }' but required in type 'Certificate'.
  Overload 2 of 2, '(predicate: (value: { id: string; userId: string; courseId: string; certificateNumber: string; issuedDate: Date; studentName: string; courseName: string; }, index: number, array: { id: string; userId: string; ... 4 more ...; courseName: string; }[]) => unknown, thisArg?: any): { ...; }[]', gave the following error.
    Argument of type '(cert: Certificate) => boolean' is not assignable to parameter of type '(value: { id: string; userId: string; courseId: string; certificateNumber: string; issuedDate: Date; studentName: string; courseName: string; }, index: number, array: { id: string; userId: string; ... 4 more ...; courseName: string; }[]) => unknown'.
      Types of parameters 'cert' and 'value' are incompatible.
        Property 'studentId' is missing in type '{ id: string; userId: string; courseId: string; certificateNumber: string; issuedDate: Date; studentName: string; courseName: string; }' but required in type 'Certificate'.
app/profile/page.tsx(42,25): error TS2345: Argument of type '{ id: string; userId: string; courseId: string; certificateNumber: string; issuedDate: Date; studentName: string; courseName: string; }[]' is not assignable to parameter of type 'SetStateAction<Certificate[]>'.
  Type '{ id: string; userId: string; courseId: string; certificateNumber: string; issuedDate: Date; studentName: string; courseName: string; }[]' is not assignable to type 'Certificate[]'.
    Property 'studentId' is missing in type '{ id: string; userId: string; courseId: string; certificateNumber: string; issuedDate: Date; studentName: string; courseName: string; }' but required in type 'Certificate'.
app/profile/page.tsx(46,48): error TS7006: Parameter 'c' implicitly has an 'any' type.
app/profile/page.tsx(52,11): error TS7006: Parameter 'c' implicitly has an 'any' type.
app/quiz/[id]/page.tsx(35,43): error TS7006: Parameter 'c' implicitly has an 'any' type.
app/quiz/[id]/page.tsx(70,38): error TS2339: Property 'update' does not exist on type '{ list: () => Promise<any>; get: (id: string) => Promise<any>; filter: (query: any) => Promise<any>; enroll: (courseId: string) => Promise<{ progress: number; userId: string; courseId: string; watchedLessons: JsonValue; attendedLive: boolean; enrolledAt: Date; }>; create: (data: any) => Promise<...>; updateLiveSessi...'.
lib/prisma.ts(3,22): error TS7016: Could not find a declaration file for module 'pg'. 'C:/Users/HomePC/coding/learning/node_modules/pg/esm/index.mjs' implicitly has an 'any' type.
  Try `npm i --save-dev @types/pg` if it exists or add a new declaration (.d.ts) file containing `declare module 'pg';`
